
C:\Dropbox\MultiGame\multiGame\buildSystem>if exist "C:\Program Files (x86)\Microsoft Visual Studio\2017\Community\Common7\Tools\VsDevCmd.bat" (set VS_CMD_PATH="C:\Program Files (x86)\Microsoft Visual Studio\2017\Community\Common7\Tools\VsDevCmd.bat" ) 

C:\Dropbox\MultiGame\multiGame\buildSystem>if exist "C:\Program Files (x86)\Microsoft Visual Studio 14.0\Common7\Tools\VsDevCmd.bat" (set VS_CMD_PATH="C:\Program Files (x86)\Microsoft Visual Studio 14.0\Common7\Tools\VsDevCmd.bat" ) 

C:\Dropbox\MultiGame\multiGame\buildSystem>if exist "C:\Program Files (x86)\Microsoft Visual Studio\2019\Community\Common7\Tools\VsDevCmd.bat" (set VS_CMD_PATH="C:\Program Files (x86)\Microsoft Visual Studio\2019\Community\Common7\Tools\VsDevCmd.bat" ) 

C:\Dropbox\MultiGame\multiGame\buildSystem>where cl 

C:\Dropbox\MultiGame\multiGame\buildSystem>if 1 NEQ 0 (call "C:\Program Files (x86)\Microsoft Visual Studio\2019\Community\Common7\Tools\VsDevCmd.bat" -arch=amd64 -host_arch=amd64  1>NUL: ) 

DEFINES: /D PLAYING_pinafore /D PROJECT_DIR="C:/Dropbox/MultiGame/multiGame/buildSystem/.." /D FALLOW_INTERNAL /D PROJECT_ASSET_DIR="C:/Dropbox/MultiGame/multiGame/buildSystem/.."/pinaforeAssets
Building stb libs
stb_image.h
stb_sprintf.h
stb_image_write.h
imstb_truetype.h
imstb_rectpack.h
Generating Code...
main.cpp
C:\Dropbox\MultiGame\multiGame\src\pinaforeGame.cpp(1522): error C2819: type 'UnitStateInfo' does not have an overloaded member 'operator ->'
C:\Dropbox\MultiGame\multiGame\src\pinaforeGame.cpp(107): note: see declaration of 'UnitStateInfo'
C:\Dropbox\MultiGame\multiGame\src\pinaforeGame.cpp(1522): note: did you intend to use '.' instead?
C:\Dropbox\MultiGame\multiGame\src\pinaforeGame.cpp(1522): error C2232: '->UnitStateInfo::state': left operand has 'struct' type, use '.'
C:\Dropbox\MultiGame\multiGame\src\pinaforeGame.cpp(1523): error C2065: 'dist': undeclared identifier
